# tests/7-base_geometry.txt

BaseGeometry class tests


::
>>> BaseGeometry = __import__("7-base_geometry").BaseGeometry

::
>>> bg = BaseGeometry()
>>> bg.area()
Traceback (most recent call last):
  File "<stdin>", line 1, in <module>
  File "7-base_geometry.py", line 8, in area
    raise Exception("area() is not implemented")
Exception: area() is not implemented

::
>>> bg.integer_validator("num1", 12)

::
>>> bg.integer_validator("num1", "a")
Traceback (most recent call last):
  File "<stdin>", line 1, in <module>
  File "7-base_geometry.py", line 13, in integer_validator
    raise TypeError("<name> must be an integer")
TypeError: <name> must be an integer

::
>>> bg.integer_validator("num1", True)

::
>>> bg.integer_validator("num1", [1])
Traceback (most recent call last):
  File "<stdin>", line 1, in <module>
  File "7-base_geometry.py", line 13, in integer_validator
    raise TypeError("<name> must be an integer")
TypeError: <name> must be an integer
